
> collabnotes-frontend@1.0.0 build
> tsc && vite build

[36mvite v5.4.21 [32mbuilding for production...[36m[39m
transforming...
[32mтЬУ[39m 185 modules transformed.
rendering chunks...
computing gzip size...
[2mdist/[22m[32mindex.html                 [39m[1m[2m  0.47 kB[22m[1m[22m[2m тФВ gzip:  0.31 kB[22m
[2mdist/[22m[35massets/index-BkWwUdrf.css  [39m[1m[2m 11.41 kB[22m[1m[22m[2m тФВ gzip:  2.80 kB[22m
[2mdist/[22m[36massets/index-D8u33RCE.js   [39m[1m[2m273.01 kB[22m[1m[22m[2m тФВ gzip: 89.37 kB[22m[2m тФВ map: 1,260.67 kB[22m
[32mтЬУ built in 965ms[39m
